# x; y; band 0 low; band 0 high; band 1 low; band 1 high
      1000     2.7251       1.16     6.7397    1.7149     4.3663
      2000    0.23285    0.10727    0.60746   0.15412    0.38469
      3000   0.093058   0.052933    0.29528   0.06826     0.1395
